// Jest Snapshot v1, https://goo.gl/fbAQLP

exports[`Settings Component renders correctly 1`] = `
<View
  style={
    [
      {
        "backgroundColor": "rgba(255, 251, 254, 1)",
        "flex": 1,
      },
      undefined,
    ]
  }
>
  <View
    accessibilityIgnoresInvertColors={true}
    style={
      {
        "flex": 1,
        "overflow": "hidden",
      }
    }
  >
    <Image
      resizeMode="cover"
      source={
        {
          "testUri": "../../../assets/bg.jpeg",
        }
      }
      style={
        [
          {
            "bottom": 0,
            "left": 0,
            "position": "absolute",
            "right": 0,
            "top": 0,
          },
          {
            "height": undefined,
            "width": undefined,
          },
          {
            "opacity": 0.1,
          },
        ]
      }
    />
    <View
      style={
        {
          "alignSelf": "center",
          "flex": 1,
          "width": "90%",
        }
      }
    >
      <View
        accessibilityState={
          {
            "busy": undefined,
            "checked": undefined,
            "disabled": undefined,
            "expanded": undefined,
            "selected": undefined,
          }
        }
        accessibilityValue={
          {
            "max": undefined,
            "min": undefined,
            "now": undefined,
            "text": undefined,
          }
        }
        accessible={true}
        collapsable={false}
        focusable={true}
        onClick={[Function]}
        onResponderGrant={[Function]}
        onResponderMove={[Function]}
        onResponderRelease={[Function]}
        onResponderTerminate={[Function]}
        onResponderTerminationRequest={[Function]}
        onStartShouldSetResponder={[Function]}
        style={
          {
            "alignItems": "center",
            "alignSelf": "center",
            "backgroundColor": "rgba(255, 251, 254, 1)",
            "borderRadius": 10,
            "borderWidth": 1,
            "flexDirection": "row",
            "height": 50,
            "justifyContent": "center",
            "marginBottom": 10,
            "marginTop": 80,
            "marginVertical": 40,
            "opacity": 1,
            "padding": 10,
            "width": "60%",
          }
        }
      >
        <Text
          style={
            [
              {
                "color": undefined,
                "fontSize": 18,
              },
              {
                "fontWeight": "700",
              },
            ]
          }
        >
          Upgrade to premium
        </Text>
      </View>
      <RCTScrollView>
        <View>
          <Text
            style={
              [
                {
                  "color": undefined,
                },
                {
                  "fontSize": 16,
                  "marginTop": 20,
                },
              ]
            }
          >
            System
          </Text>
          <View
            accessibilityState={
              {
                "busy": undefined,
                "checked": undefined,
                "disabled": undefined,
                "expanded": undefined,
                "selected": undefined,
              }
            }
            accessibilityValue={
              {
                "max": undefined,
                "min": undefined,
                "now": undefined,
                "text": undefined,
              }
            }
            accessible={true}
            collapsable={false}
            focusable={true}
            onBlur={[Function]}
            onClick={[Function]}
            onFocus={[Function]}
            onResponderGrant={[Function]}
            onResponderMove={[Function]}
            onResponderRelease={[Function]}
            onResponderTerminate={[Function]}
            onResponderTerminationRequest={[Function]}
            onStartShouldSetResponder={[Function]}
            style={
              {
                "marginVertical": 10,
              }
            }
          >
            <View
              style={
                {
                  "flexDirection": "row",
                  "justifyContent": "space-between",
                }
              }
            >
              <View
                style={
                  {
                    "flexDirection": "row",
                  }
                }
              >
                <Ionicons
                  name="person"
                  size={30}
                  style={
                    {
                      "padding": 5,
                    }
                  }
                  testID="settings-icon"
                />
                <Text
                  style={
                    [
                      {
                        "color": undefined,
                      },
                      {
                        "fontSize": 20,
                        "padding": 5,
                      },
                    ]
                  }
                >
                  Personal Information
                </Text>
              </View>
            </View>
            <View
              style={
                [
                  {
                    "backgroundColor": "rgba(202, 196, 208, 1)",
                    "height": 0.5,
                  },
                  undefined,
                  false,
                  false,
                  [
                    {
                      "marginTop": 10,
                    },
                    {
                      "backgroundColor": undefined,
                    },
                  ],
                ]
              }
            />
          </View>
          <View
            accessibilityState={
              {
                "busy": undefined,
                "checked": undefined,
                "disabled": undefined,
                "expanded": undefined,
                "selected": undefined,
              }
            }
            accessibilityValue={
              {
                "max": undefined,
                "min": undefined,
                "now": undefined,
                "text": undefined,
              }
            }
            accessible={true}
            collapsable={false}
            focusable={true}
            onBlur={[Function]}
            onClick={[Function]}
            onFocus={[Function]}
            onResponderGrant={[Function]}
            onResponderMove={[Function]}
            onResponderRelease={[Function]}
            onResponderTerminate={[Function]}
            onResponderTerminationRequest={[Function]}
            onStartShouldSetResponder={[Function]}
            style={
              {
                "marginVertical": 10,
              }
            }
          >
            <View
              style={
                {
                  "flexDirection": "row",
                  "justifyContent": "space-between",
                }
              }
            >
              <View
                style={
                  {
                    "flexDirection": "row",
                  }
                }
              >
                <Ionicons
                  name="calendar"
                  size={30}
                  style={
                    {
                      "padding": 5,
                    }
                  }
                  testID="settings-icon"
                />
                <Text
                  style={
                    [
                      {
                        "color": undefined,
                      },
                      {
                        "fontSize": 20,
                        "padding": 5,
                      },
                    ]
                  }
                >
                  Start Date
                </Text>
              </View>
            </View>
            <View
              style={
                [
                  {
                    "backgroundColor": "rgba(202, 196, 208, 1)",
                    "height": 0.5,
                  },
                  undefined,
                  false,
                  false,
                  [
                    {
                      "marginTop": 10,
                    },
                    {
                      "backgroundColor": undefined,
                    },
                  ],
                ]
              }
            />
          </View>
          <View
            accessibilityState={
              {
                "busy": undefined,
                "checked": undefined,
                "disabled": undefined,
                "expanded": undefined,
                "selected": undefined,
              }
            }
            accessibilityValue={
              {
                "max": undefined,
                "min": undefined,
                "now": undefined,
                "text": undefined,
              }
            }
            accessible={true}
            collapsable={false}
            focusable={true}
            onBlur={[Function]}
            onClick={[Function]}
            onFocus={[Function]}
            onResponderGrant={[Function]}
            onResponderMove={[Function]}
            onResponderRelease={[Function]}
            onResponderTerminate={[Function]}
            onResponderTerminationRequest={[Function]}
            onStartShouldSetResponder={[Function]}
            style={
              {
                "marginVertical": 10,
              }
            }
          >
            <View
              style={
                {
                  "flexDirection": "row",
                  "justifyContent": "space-between",
                }
              }
            >
              <View
                style={
                  {
                    "flexDirection": "row",
                  }
                }
              >
                <Ionicons
                  name="logo-euro"
                  size={30}
                  style={
                    {
                      "padding": 5,
                    }
                  }
                  testID="settings-icon"
                />
                <Text
                  style={
                    [
                      {
                        "color": undefined,
                      },
                      {
                        "fontSize": 20,
                        "padding": 5,
                      },
                    ]
                  }
                >
                  Currency
                </Text>
              </View>
            </View>
            <View
              style={
                [
                  {
                    "backgroundColor": "rgba(202, 196, 208, 1)",
                    "height": 0.5,
                  },
                  undefined,
                  false,
                  false,
                  [
                    {
                      "marginTop": 10,
                    },
                    {
                      "backgroundColor": undefined,
                    },
                  ],
                ]
              }
            />
          </View>
          <View
            accessibilityState={
              {
                "busy": undefined,
                "checked": undefined,
                "disabled": undefined,
                "expanded": undefined,
                "selected": undefined,
              }
            }
            accessibilityValue={
              {
                "max": undefined,
                "min": undefined,
                "now": undefined,
                "text": undefined,
              }
            }
            accessible={true}
            collapsable={false}
            focusable={true}
            onBlur={[Function]}
            onClick={[Function]}
            onFocus={[Function]}
            onResponderGrant={[Function]}
            onResponderMove={[Function]}
            onResponderRelease={[Function]}
            onResponderTerminate={[Function]}
            onResponderTerminationRequest={[Function]}
            onStartShouldSetResponder={[Function]}
            style={
              {
                "marginVertical": 10,
              }
            }
          >
            <View
              style={
                {
                  "flexDirection": "row",
                  "justifyContent": "space-between",
                }
              }
            >
              <View
                style={
                  {
                    "flexDirection": "row",
                  }
                }
              >
                <Ionicons
                  name="calendar-number-outline"
                  size={30}
                  style={
                    {
                      "padding": 5,
                    }
                  }
                  testID="settings-icon"
                />
                <Text
                  style={
                    [
                      {
                        "color": undefined,
                      },
                      {
                        "fontSize": 20,
                        "padding": 5,
                      },
                    ]
                  }
                >
                  Subscriptions
                </Text>
              </View>
            </View>
            <View
              style={
                [
                  {
                    "backgroundColor": "rgba(202, 196, 208, 1)",
                    "height": 0.5,
                  },
                  undefined,
                  false,
                  false,
                  [
                    {
                      "marginTop": 10,
                    },
                    {
                      "backgroundColor": undefined,
                    },
                  ],
                ]
              }
            />
          </View>
          <View
            accessibilityState={
              {
                "busy": undefined,
                "checked": undefined,
                "disabled": undefined,
                "expanded": undefined,
                "selected": undefined,
              }
            }
            accessibilityValue={
              {
                "max": undefined,
                "min": undefined,
                "now": undefined,
                "text": undefined,
              }
            }
            accessible={true}
            collapsable={false}
            focusable={true}
            onBlur={[Function]}
            onClick={[Function]}
            onFocus={[Function]}
            onResponderGrant={[Function]}
            onResponderMove={[Function]}
            onResponderRelease={[Function]}
            onResponderTerminate={[Function]}
            onResponderTerminationRequest={[Function]}
            onStartShouldSetResponder={[Function]}
            style={
              {
                "marginVertical": 10,
              }
            }
          >
            <View
              style={
                {
                  "flexDirection": "row",
                  "justifyContent": "space-between",
                }
              }
            >
              <View
                style={
                  {
                    "flexDirection": "row",
                  }
                }
              >
                <Ionicons
                  name="wallet-outline"
                  size={30}
                  style={
                    {
                      "padding": 5,
                    }
                  }
                  testID="settings-icon"
                />
                <Text
                  style={
                    [
                      {
                        "color": undefined,
                      },
                      {
                        "fontSize": 20,
                        "padding": 5,
                      },
                    ]
                  }
                >
                  Budget
                </Text>
              </View>
            </View>
            <View
              style={
                [
                  {
                    "backgroundColor": "rgba(202, 196, 208, 1)",
                    "height": 0.5,
                  },
                  undefined,
                  false,
                  false,
                  [
                    {
                      "marginTop": 10,
                    },
                    {
                      "backgroundColor": undefined,
                    },
                  ],
                ]
              }
            />
          </View>
          <Text
            style={
              [
                {
                  "color": undefined,
                },
                {
                  "fontSize": 16,
                  "marginTop": 20,
                },
              ]
            }
          >
            Preferences
          </Text>
          <View
            accessibilityState={
              {
                "busy": undefined,
                "checked": undefined,
                "disabled": undefined,
                "expanded": undefined,
                "selected": undefined,
              }
            }
            accessibilityValue={
              {
                "max": undefined,
                "min": undefined,
                "now": undefined,
                "text": undefined,
              }
            }
            accessible={true}
            collapsable={false}
            focusable={true}
            onBlur={[Function]}
            onClick={[Function]}
            onFocus={[Function]}
            onResponderGrant={[Function]}
            onResponderMove={[Function]}
            onResponderRelease={[Function]}
            onResponderTerminate={[Function]}
            onResponderTerminationRequest={[Function]}
            onStartShouldSetResponder={[Function]}
            style={
              {
                "marginVertical": 10,
              }
            }
          >
            <View
              style={
                {
                  "flexDirection": "row",
                  "justifyContent": "space-between",
                }
              }
            >
              <View
                style={
                  {
                    "flexDirection": "row",
                  }
                }
              >
                <Ionicons
                  name="phone-portrait"
                  size={30}
                  style={
                    {
                      "padding": 5,
                    }
                  }
                  testID="settings-icon"
                />
                <Text
                  style={
                    [
                      {
                        "color": undefined,
                      },
                      {
                        "fontSize": 20,
                        "padding": 5,
                      },
                    ]
                  }
                >
                  Theme
                </Text>
              </View>
            </View>
            <View
              style={
                [
                  {
                    "backgroundColor": "rgba(202, 196, 208, 1)",
                    "height": 0.5,
                  },
                  undefined,
                  false,
                  false,
                  [
                    {
                      "marginTop": 10,
                    },
                    {
                      "backgroundColor": undefined,
                    },
                  ],
                ]
              }
            />
          </View>
          <View
            accessibilityState={
              {
                "busy": undefined,
                "checked": undefined,
                "disabled": undefined,
                "expanded": undefined,
                "selected": undefined,
              }
            }
            accessibilityValue={
              {
                "max": undefined,
                "min": undefined,
                "now": undefined,
                "text": undefined,
              }
            }
            accessible={true}
            collapsable={false}
            focusable={true}
            onBlur={[Function]}
            onClick={[Function]}
            onFocus={[Function]}
            onResponderGrant={[Function]}
            onResponderMove={[Function]}
            onResponderRelease={[Function]}
            onResponderTerminate={[Function]}
            onResponderTerminationRequest={[Function]}
            onStartShouldSetResponder={[Function]}
            style={
              {
                "marginVertical": 10,
              }
            }
          >
            <View
              style={
                {
                  "flexDirection": "row",
                  "justifyContent": "space-between",
                }
              }
            >
              <View
                style={
                  {
                    "flexDirection": "row",
                  }
                }
              >
                <Ionicons
                  name="notifications"
                  size={30}
                  style={
                    {
                      "padding": 5,
                    }
                  }
                  testID="settings-icon"
                />
                <Text
                  style={
                    [
                      {
                        "color": undefined,
                      },
                      {
                        "fontSize": 20,
                        "padding": 5,
                      },
                    ]
                  }
                >
                  Notifications
                </Text>
              </View>
            </View>
            <View
              style={
                [
                  {
                    "backgroundColor": "rgba(202, 196, 208, 1)",
                    "height": 0.5,
                  },
                  undefined,
                  false,
                  false,
                  [
                    {
                      "marginTop": 10,
                    },
                    {
                      "backgroundColor": undefined,
                    },
                  ],
                ]
              }
            />
          </View>
          <View
            accessibilityState={
              {
                "busy": undefined,
                "checked": undefined,
                "disabled": undefined,
                "expanded": undefined,
                "selected": undefined,
              }
            }
            accessibilityValue={
              {
                "max": undefined,
                "min": undefined,
                "now": undefined,
                "text": undefined,
              }
            }
            accessible={true}
            collapsable={false}
            focusable={true}
            onBlur={[Function]}
            onClick={[Function]}
            onFocus={[Function]}
            onResponderGrant={[Function]}
            onResponderMove={[Function]}
            onResponderRelease={[Function]}
            onResponderTerminate={[Function]}
            onResponderTerminationRequest={[Function]}
            onStartShouldSetResponder={[Function]}
            style={
              {
                "marginVertical": 10,
              }
            }
          >
            <View
              style={
                {
                  "flexDirection": "row",
                  "justifyContent": "space-between",
                }
              }
            >
              <View
                style={
                  {
                    "flexDirection": "row",
                  }
                }
              >
                <Ionicons
                  name="lock-open-outline"
                  size={30}
                  style={
                    {
                      "padding": 5,
                    }
                  }
                  testID="settings-icon"
                />
                <Text
                  style={
                    [
                      {
                        "color": undefined,
                      },
                      {
                        "fontSize": 20,
                        "padding": 5,
                      },
                    ]
                  }
                >
                  Privacy
                </Text>
              </View>
            </View>
            <View
              style={
                [
                  {
                    "backgroundColor": "rgba(202, 196, 208, 1)",
                    "height": 0.5,
                  },
                  undefined,
                  false,
                  false,
                  [
                    {
                      "marginTop": 10,
                    },
                    {
                      "backgroundColor": undefined,
                    },
                  ],
                ]
              }
            />
          </View>
          <Text
            style={
              [
                {
                  "color": undefined,
                },
                {
                  "fontSize": 16,
                  "marginTop": 20,
                },
              ]
            }
          >
            Support & Feedback
          </Text>
          <View
            accessibilityState={
              {
                "busy": undefined,
                "checked": undefined,
                "disabled": undefined,
                "expanded": undefined,
                "selected": undefined,
              }
            }
            accessibilityValue={
              {
                "max": undefined,
                "min": undefined,
                "now": undefined,
                "text": undefined,
              }
            }
            accessible={true}
            collapsable={false}
            focusable={true}
            onBlur={[Function]}
            onClick={[Function]}
            onFocus={[Function]}
            onResponderGrant={[Function]}
            onResponderMove={[Function]}
            onResponderRelease={[Function]}
            onResponderTerminate={[Function]}
            onResponderTerminationRequest={[Function]}
            onStartShouldSetResponder={[Function]}
            style={
              {
                "marginVertical": 10,
              }
            }
          >
            <View
              style={
                {
                  "flexDirection": "row",
                  "justifyContent": "space-between",
                }
              }
            >
              <View
                style={
                  {
                    "flexDirection": "row",
                  }
                }
              >
                <Ionicons
                  name="help-circle-outline"
                  size={30}
                  style={
                    {
                      "padding": 5,
                    }
                  }
                  testID="settings-icon"
                />
                <Text
                  style={
                    [
                      {
                        "color": undefined,
                      },
                      {
                        "fontSize": 20,
                        "padding": 5,
                      },
                    ]
                  }
                >
                  Help
                </Text>
              </View>
            </View>
            <View
              style={
                [
                  {
                    "backgroundColor": "rgba(202, 196, 208, 1)",
                    "height": 0.5,
                  },
                  undefined,
                  false,
                  false,
                  [
                    {
                      "marginTop": 10,
                    },
                    {
                      "backgroundColor": undefined,
                    },
                  ],
                ]
              }
            />
          </View>
          <View
            accessibilityState={
              {
                "busy": undefined,
                "checked": undefined,
                "disabled": undefined,
                "expanded": undefined,
                "selected": undefined,
              }
            }
            accessibilityValue={
              {
                "max": undefined,
                "min": undefined,
                "now": undefined,
                "text": undefined,
              }
            }
            accessible={true}
            collapsable={false}
            focusable={true}
            onBlur={[Function]}
            onClick={[Function]}
            onFocus={[Function]}
            onResponderGrant={[Function]}
            onResponderMove={[Function]}
            onResponderRelease={[Function]}
            onResponderTerminate={[Function]}
            onResponderTerminationRequest={[Function]}
            onStartShouldSetResponder={[Function]}
            style={
              {
                "marginVertical": 10,
              }
            }
          >
            <View
              style={
                {
                  "flexDirection": "row",
                  "justifyContent": "space-between",
                }
              }
            >
              <View
                style={
                  {
                    "flexDirection": "row",
                  }
                }
              >
                <Ionicons
                  name="logo-instagram"
                  size={30}
                  style={
                    {
                      "padding": 5,
                    }
                  }
                  testID="settings-icon"
                />
                <Text
                  style={
                    [
                      {
                        "color": undefined,
                      },
                      {
                        "fontSize": 20,
                        "padding": 5,
                      },
                    ]
                  }
                >
                  Instagram
                </Text>
              </View>
            </View>
            <View
              style={
                [
                  {
                    "backgroundColor": "rgba(202, 196, 208, 1)",
                    "height": 0.5,
                  },
                  undefined,
                  false,
                  false,
                  [
                    {
                      "marginTop": 10,
                    },
                    {
                      "backgroundColor": undefined,
                    },
                  ],
                ]
              }
            />
          </View>
          <Text
            style={
              [
                {
                  "color": undefined,
                },
                {
                  "fontSize": 16,
                  "marginTop": 20,
                },
              ]
            }
          >
            Account
          </Text>
          <View
            accessibilityState={
              {
                "busy": undefined,
                "checked": undefined,
                "disabled": undefined,
                "expanded": undefined,
                "selected": undefined,
              }
            }
            accessibilityValue={
              {
                "max": undefined,
                "min": undefined,
                "now": undefined,
                "text": undefined,
              }
            }
            accessible={true}
            collapsable={false}
            focusable={true}
            onBlur={[Function]}
            onClick={[Function]}
            onFocus={[Function]}
            onResponderGrant={[Function]}
            onResponderMove={[Function]}
            onResponderRelease={[Function]}
            onResponderTerminate={[Function]}
            onResponderTerminationRequest={[Function]}
            onStartShouldSetResponder={[Function]}
            style={
              {
                "marginVertical": 10,
              }
            }
          >
            <View
              style={
                {
                  "flexDirection": "row",
                  "justifyContent": "space-between",
                }
              }
            >
              <View
                style={
                  {
                    "flexDirection": "row",
                  }
                }
              >
                <Ionicons
                  name="create-outline"
                  size={30}
                  style={
                    {
                      "padding": 5,
                    }
                  }
                  testID="settings-icon"
                />
                <Text
                  style={
                    [
                      {
                        "color": undefined,
                      },
                      {
                        "fontSize": 20,
                        "padding": 5,
                      },
                    ]
                  }
                >
                  Create account
                </Text>
              </View>
            </View>
            <View
              style={
                [
                  {
                    "backgroundColor": "rgba(202, 196, 208, 1)",
                    "height": 0.5,
                  },
                  undefined,
                  false,
                  false,
                  [
                    {
                      "marginTop": 10,
                    },
                    {
                      "backgroundColor": undefined,
                    },
                  ],
                ]
              }
            />
          </View>
          <View
            accessibilityState={
              {
                "busy": undefined,
                "checked": undefined,
                "disabled": undefined,
                "expanded": undefined,
                "selected": undefined,
              }
            }
            accessibilityValue={
              {
                "max": undefined,
                "min": undefined,
                "now": undefined,
                "text": undefined,
              }
            }
            accessible={true}
            collapsable={false}
            focusable={true}
            onBlur={[Function]}
            onClick={[Function]}
            onFocus={[Function]}
            onResponderGrant={[Function]}
            onResponderMove={[Function]}
            onResponderRelease={[Function]}
            onResponderTerminate={[Function]}
            onResponderTerminationRequest={[Function]}
            onStartShouldSetResponder={[Function]}
            style={
              {
                "marginVertical": 10,
              }
            }
          >
            <View
              style={
                {
                  "flexDirection": "row",
                  "justifyContent": "space-between",
                }
              }
            >
              <View
                style={
                  {
                    "flexDirection": "row",
                  }
                }
              >
                <Ionicons
                  name="log-in-outline"
                  size={30}
                  style={
                    {
                      "padding": 5,
                    }
                  }
                  testID="settings-icon"
                />
                <Text
                  style={
                    [
                      {
                        "color": undefined,
                      },
                      {
                        "fontSize": 20,
                        "padding": 5,
                      },
                    ]
                  }
                >
                  Log in
                </Text>
              </View>
            </View>
            <View
              style={
                [
                  {
                    "backgroundColor": "rgba(202, 196, 208, 1)",
                    "height": 0.5,
                  },
                  undefined,
                  false,
                  false,
                  [
                    {
                      "marginTop": 10,
                    },
                    {
                      "backgroundColor": undefined,
                    },
                  ],
                ]
              }
            />
          </View>
        </View>
      </RCTScrollView>
    </View>
  </View>
</View>
`;
